TOUR: 
Start:  8
End:  23
Locations:
-- location ID:  0
-- name:  start
-- score:  0
-- opening:  8
-- closing:  23
-- arrival:  0
-- wait:  0
-- max_shift:  0
-- shift:  0
-- ratio:  0
-- leave:  0
 
-- location ID:  1
-- name:  Loc1
-- score:  5
-- opening:  9
-- closing:  16
-- arrival:  0
-- wait:  0
-- max_shift:  0
-- shift:  0
-- ratio:  0
-- leave:  0
 
-- location ID:  2
-- name:  Loc2
-- score:  1
-- opening:  9
-- closing:  14
-- arrival:  0
-- wait:  0
-- max_shift:  0
-- shift:  0
-- ratio:  0
-- leave:  0
 
-- location ID:  3
-- name:  Loc3
-- score:  1
-- opening:  9
-- closing:  16
-- arrival:  0
-- wait:  0
-- max_shift:  0
-- shift:  0
-- ratio:  0
-- leave:  0
 
-- location ID:  4
-- name:  End
-- score:  0
-- opening:  8
-- closing:  23
-- arrival:  0
-- wait:  0
-- max_shift:  0
-- shift:  0
-- ratio:  0
-- leave:  0
 
times:
[0, 0.5333333333333333, 0.6833333333333333, 0.016666666666666666, 0.16666666666666666]
[0.5333333333333333, 0, 0.85, 0.25, 0.18333333333333332]
[0.6833333333333333, 0.85, 0, 0.05, 0.0]
[0.016666666666666666, 0.25, 0.05, 0, 0.5833333333333334]
[0.16666666666666666, 0.18333333333333332, 0.0, 0.5833333333333334, 0]
TOUR: 
Start:  8
End:  23
Locations:
-- location ID:  0
-- name:  start
-- score:  0
-- opening:  8
-- closing:  23
-- arrival:  0
-- wait:  0
-- max_shift:  0
-- shift:  0
-- ratio:  0
-- leave:  0
 
-- location ID:  1
-- name:  Loc1
-- score:  5
-- opening:  9
-- closing:  16
-- arrival:  8.53333333333
-- wait:  0.466666666667
-- max_shift:  6.61666666667
-- shift:  7.08333333333
-- ratio:  0.705882352941
-- leave:  15.15
 
-- location ID:  2
-- name:  Loc2
-- score:  1
-- opening:  9
-- closing:  14
-- arrival:  8.68333333333
-- wait:  0.316666666667
-- max_shift:  5.26666666667
-- shift:  5.58333333333
-- ratio:  0.179104477612
-- leave:  13.95
 
-- location ID:  3
-- name:  Loc3
-- score:  1
-- opening:  9
-- closing:  16
-- arrival:  8.01666666667
-- wait:  0.983333333333
-- max_shift:  7.4
-- shift:  8.38333333333
-- ratio:  0.119284294235
-- leave:  15.4166666667
 
-- location ID:  4
-- name:  End
-- score:  0
-- opening:  8
-- closing:  23
-- arrival:  0
-- wait:  0
-- max_shift:  0
-- shift:  0
-- ratio:  0
-- leave:  0
 
........
***---***
i: 0  j: 1  k:  4
validate_time_windows:
s index:  0
location to insert:  1
TW --- arrival:  0 closing:  23
TW --- arrival:  8.85 closing:  16
TW --- arrival:  0 closing:  23
TIME WINDOW VALIDATED:  0
--- ratio:  0.705882352941
local:  [<location.location instance at 0x10f7d66c8>, 0.7058823529411764, 0]
local_information:  {1: 0}
i: 0  j: 2  k:  4
validate_time_windows:
s index:  0
location to insert:  2
TW --- arrival:  0 closing:  23
TW --- arrival:  8.85 closing:  14
TW --- arrival:  0 closing:  23
TIME WINDOW VALIDATED:  0
--- ratio:  0.179104477612
local:  [<location.location instance at 0x10f7d67a0>, 0.17910447761194032, 0]
local_information:  {1: 0, 2: 0}
i: 0  j: 3  k:  4
validate_time_windows:
s index:  0
location to insert:  3
TW --- arrival:  0 closing:  23
TW --- arrival:  8.85 closing:  16
TW --- arrival:  0 closing:  23
TIME WINDOW VALIDATED:  0
--- ratio:  0.119284294235
local:  [<location.location instance at 0x10f7d67e8>, 0.11928429423459246, 0]
local_information:  {1: 0, 2: 0, 3: 0}
potential_inserts:
TOUR: 
Start:  8
End:  23
Locations:
-- location ID:  1
-- name:  Loc1
-- score:  5
-- opening:  9
-- closing:  16
-- arrival:  8.85
-- wait:  0.15
-- max_shift:  6.61666666667
-- shift:  7.08333333333
-- ratio:  0.705882352941
-- leave:  10.0
 
-- location ID:  2
-- name:  Loc2
-- score:  1
-- opening:  9
-- closing:  14
-- arrival:  8.85
-- wait:  0.15
-- max_shift:  5.26666666667
-- shift:  5.58333333333
-- ratio:  0.179104477612
-- leave:  10.0
 
-- location ID:  3
-- name:  Loc3
-- score:  1
-- opening:  9
-- closing:  16
-- arrival:  8.85
-- wait:  0.15
-- max_shift:  7.4
-- shift:  8.38333333333
-- ratio:  0.119284294235
-- leave:  10.0
 
</potential_inserts
||||
selection_point:  0.529902935329
|||| *** len_pot:  0
|||| *** location:  1  index:  0
||||
selection_point:  0.529902935329
selected one :  1
insert after :  0
***---***
***---***
i: 0  j: 2  k:  1
validate_time_windows:
s index:  0
location to insert:  2
TW --- arrival:  0 closing:  23
TW --- arrival:  8.85 closing:  14
TW --- arrival:  10.05 closing:  16
TW --- arrival:  0 closing:  23
TIME WINDOW VALIDATED:  0
--- ratio:  0.184615384615
i: 1  j: 2  k:  4
validate_time_windows:
s index:  1
location to insert:  2
TW --- arrival:  0 closing:  23
TW --- arrival:  8.85 closing:  16
TW --- arrival:  10.05 closing:  14
TW --- arrival:  0 closing:  23
TIME WINDOW VALIDATED:  1
--- ratio:  0.184615384615
local:  [<location.location instance at 0x10f7d67a0>, 0.1846153846153846, 0]
local_information:  {2: 0}
i: 0  j: 3  k:  1
validate_time_windows:
s index:  0
location to insert:  3
TW --- arrival:  0 closing:  23
TW --- arrival:  8.85 closing:  16
TW --- arrival:  10.05 closing:  16
TW --- arrival:  0 closing:  23
TIME WINDOW VALIDATED:  0
--- ratio:  0.137299771167
i: 1  j: 3  k:  4
validate_time_windows:
s index:  1
location to insert:  3
TW --- arrival:  0 closing:  23
TW --- arrival:  8.85 closing:  16
TW --- arrival:  10.05 closing:  16
TW --- arrival:  0 closing:  23
TIME WINDOW VALIDATED:  1
--- ratio:  0.132450331126
local:  [<location.location instance at 0x10f7d67e8>, 0.13729977116704806, 0]
local_information:  {2: 0, 3: 0}
potential_inserts:
TOUR: 
Start:  8
End:  23
Locations:
-- location ID:  2
-- name:  Loc2
-- score:  1
-- opening:  9
-- closing:  14
-- arrival:  10.05
-- wait:  0
-- max_shift:  5.26666666667
-- shift:  5.41666666667
-- ratio:  0.184615384615
-- leave:  11.05
 
-- location ID:  3
-- name:  Loc3
-- score:  1
-- opening:  9
-- closing:  16
-- arrival:  10.05
-- wait:  0
-- max_shift:  7.4
-- shift:  7.55
-- ratio:  0.132450331126
-- leave:  11.05
 
</potential_inserts
||||
selection_point:  0.168965868569
|||| *** len_pot:  0
|||| *** location:  2  index:  0
||||
selection_point:  0.168965868569
selected one :  2
insert after :  0
***---***
***---***
i: 0  j: 3  k:  2
validate_time_windows:
s index:  0
location to insert:  3
TW --- arrival:  0 closing:  23
TW --- arrival:  8.85 closing:  16
TW --- arrival:  10.05 closing:  14
TW --- arrival:  11.6333333333 closing:  16
TW --- arrival:  0 closing:  23
TIME WINDOW VALIDATED:  0
--- ratio:  0.14742014742
i: 2  j: 3  k:  1
validate_time_windows:
s index:  1
location to insert:  3
TW --- arrival:  0 closing:  23
TW --- arrival:  8.85 closing:  14
TW --- arrival:  10.05 closing:  16
TW --- arrival:  11.6333333333 closing:  16
TW --- arrival:  0 closing:  23
TIME WINDOW VALIDATED:  1
--- ratio:  0.142857142857
i: 1  j: 3  k:  4
validate_time_windows:
s index:  2
location to insert:  3
TW --- arrival:  0 closing:  23
TW --- arrival:  8.85 closing:  14
TW --- arrival:  10.05 closing:  16
TW --- arrival:  11.6333333333 closing:  16
TW --- arrival:  0 closing:  23
TIME WINDOW VALIDATED:  2
--- ratio:  0.135135135135
local:  [<location.location instance at 0x10f7d67e8>, 0.14742014742014745, 0]
local_information:  {3: 0}
potential_inserts:
TOUR: 
Start:  8
End:  23
Locations:
-- location ID:  3
-- name:  Loc3
-- score:  1
-- opening:  9
-- closing:  16
-- arrival:  11.6333333333
-- wait:  0
-- max_shift:  7.4
-- shift:  7.4
-- ratio:  0.135135135135
-- leave:  12.6333333333
 
</potential_inserts
||||
selection_point:  0.135135135135
|||| *** len_pot:  0
|||| *** location:  3  index:  0
||||
selection_point:  0.135135135135
selected one :  3
insert after :  0
***---***
TOUR: 
Start:  8
End:  23
Locations:
-- location ID:  0
-- name:  start
-- score:  0
-- opening:  8
-- closing:  23
-- arrival:  0
-- wait:  0
-- max_shift:  0
-- shift:  0
-- ratio:  0
-- leave:  0
 
-- location ID:  3
-- name:  Loc3
-- score:  1
-- opening:  9
-- closing:  16
-- arrival:  8.85
-- wait:  0.15
-- max_shift:  7.4
-- shift:  7.4
-- ratio:  0.135135135135
-- leave:  10.0
 
-- location ID:  2
-- name:  Loc2
-- score:  1
-- opening:  9
-- closing:  14
-- arrival:  10.05
-- wait:  0
-- max_shift:  5.26666666667
-- shift:  5.41666666667
-- ratio:  0.184615384615
-- leave:  11.05
 
-- location ID:  1
-- name:  Loc1
-- score:  5
-- opening:  9
-- closing:  16
-- arrival:  11.6333333333
-- wait:  0
-- max_shift:  6.61666666667
-- shift:  6.61666666667
-- ratio:  0.755667506297
-- leave:  12.6333333333
 
-- location ID:  4
-- name:  End
-- score:  0
-- opening:  8
-- closing:  23
-- arrival:  0
-- wait:  0
-- max_shift:  0
-- shift:  0
-- ratio:  0
-- leave:  0
 
