TOUR: 
Start:  8
End:  23
Locations:
-- location ID:  0
-- name:  start
-- score:  0
-- opening:  8
-- closing:  23
-- arrival:  0
-- wait:  0
-- max_shift:  0
-- shift:  0
-- ratio:  0
-- leave:  0
 
-- location ID:  1
-- name:  Loc1
-- score:  5
-- opening:  11
-- closing:  20
-- arrival:  0
-- wait:  0
-- max_shift:  0
-- shift:  0
-- ratio:  0
-- leave:  0
 
-- location ID:  2
-- name:  Loc2
-- score:  5
-- opening:  8
-- closing:  18
-- arrival:  0
-- wait:  0
-- max_shift:  0
-- shift:  0
-- ratio:  0
-- leave:  0
 
-- location ID:  3
-- name:  Loc3
-- score:  3
-- opening:  9
-- closing:  14
-- arrival:  0
-- wait:  0
-- max_shift:  0
-- shift:  0
-- ratio:  0
-- leave:  0
 
-- location ID:  4
-- name:  End
-- score:  0
-- opening:  8
-- closing:  23
-- arrival:  0
-- wait:  0
-- max_shift:  0
-- shift:  0
-- ratio:  0
-- leave:  0
 
times:
[0, 0.5833333333333334, 0.3333333333333333, 0.18333333333333332, 0.2]
[0.5833333333333334, 0, 0.23333333333333334, 0.13333333333333333, 0.13333333333333333]
[0.3333333333333333, 0.23333333333333334, 0, 0.016666666666666666, 0.0]
[0.18333333333333332, 0.13333333333333333, 0.016666666666666666, 0, 0.16666666666666666]
[0.2, 0.13333333333333333, 0.0, 0.16666666666666666, 0]
TOUR: 
Start:  8
End:  23
Locations:
-- location ID:  0
-- name:  start
-- score:  0
-- opening:  8
-- closing:  23
-- arrival:  0
-- wait:  0
-- max_shift:  0
-- shift:  0
-- ratio:  0
-- leave:  0
 
-- location ID:  1
-- name:  Loc1
-- score:  5
-- opening:  11
-- closing:  20
-- arrival:  8.58333333333
-- wait:  2.41666666667
-- max_shift:  11.1833333333
-- shift:  13.6
-- ratio:  0.367647058824
-- leave:  19.7666666667
 
-- location ID:  2
-- name:  Loc2
-- score:  5
-- opening:  8
-- closing:  18
-- arrival:  8.33333333333
-- wait:  0
-- max_shift:  9.65
-- shift:  9.65
-- ratio:  0.518134715026
-- leave:  17.9833333333
 
-- location ID:  3
-- name:  Loc3
-- score:  3
-- opening:  9
-- closing:  14
-- arrival:  8.18333333333
-- wait:  0.816666666667
-- max_shift:  5.65
-- shift:  6.46666666667
-- ratio:  0.463917525773
-- leave:  13.8333333333
 
-- location ID:  4
-- name:  End
-- score:  0
-- opening:  8
-- closing:  23
-- arrival:  0
-- wait:  0
-- max_shift:  0
-- shift:  0
-- ratio:  0
-- leave:  0
 
........
***---***
i: 0  j: 1  k:  4
validate_time_windows:
s index:  0
location to insert:  1
TW --- arrival:  0 closing:  23
TW --- arrival:  8.23333333333 closing:  20
TW --- arrival:  0 closing:  23
TIME WINDOW VALIDATED:  0
--- ratio:  0.367647058824
local:  [<location.location instance at 0x105f496c8>, 0.36764705882352944, 0]
local_information:  {1: 0}
i: 0  j: 2  k:  4
validate_time_windows:
s index:  0
location to insert:  2
TW --- arrival:  0 closing:  23
TW --- arrival:  8.23333333333 closing:  18
TW --- arrival:  0 closing:  23
TIME WINDOW VALIDATED:  0
--- ratio:  0.518134715026
local:  [<location.location instance at 0x105f497a0>, 0.5181347150259068, 0]
local_information:  {1: 0, 2: 0}
i: 0  j: 3  k:  4
validate_time_windows:
s index:  0
location to insert:  3
TW --- arrival:  0 closing:  23
TW --- arrival:  8.23333333333 closing:  14
TW --- arrival:  0 closing:  23
TIME WINDOW VALIDATED:  0
--- ratio:  0.463917525773
local:  [<location.location instance at 0x105f497e8>, 0.46391752577319595, 0]
local_information:  {1: 0, 2: 0, 3: 0}
potential_inserts:
TOUR: 
Start:  8
End:  23
Locations:
-- location ID:  1
-- name:  Loc1
-- score:  5
-- opening:  11
-- closing:  20
-- arrival:  8.23333333333
-- wait:  2.76666666667
-- max_shift:  11.1833333333
-- shift:  13.6
-- ratio:  0.367647058824
-- leave:  12.0
 
-- location ID:  2
-- name:  Loc2
-- score:  5
-- opening:  8
-- closing:  18
-- arrival:  8.23333333333
-- wait:  0
-- max_shift:  9.65
-- shift:  9.65
-- ratio:  0.518134715026
-- leave:  9.23333333333
 
-- location ID:  3
-- name:  Loc3
-- score:  3
-- opening:  9
-- closing:  14
-- arrival:  8.23333333333
-- wait:  0.766666666667
-- max_shift:  5.65
-- shift:  6.46666666667
-- ratio:  0.463917525773
-- leave:  10.0
 
</potential_inserts
||||
selection_point:  0.472988418165
|||| *** len_pot:  0
|||| *** location:  2  index:  0
||||
selection_point:  0.472988418165
selected one :  2
insert after :  0
***---***
***---***
i: 0  j: 1  k:  2
validate_time_windows:
s index:  0
location to insert:  1
TW --- arrival:  0 closing:  23
TW --- arrival:  8.23333333333 closing:  20
TW --- arrival:  12.0166666667 closing:  18
TW --- arrival:  0 closing:  23
TIME WINDOW VALIDATED:  0
--- ratio:  0.358422939068
i: 2  j: 1  k:  4
validate_time_windows:
s index:  1
location to insert:  1
TW --- arrival:  0 closing:  23
TW --- arrival:  8.23333333333 closing:  18
TW --- arrival:  9.25 closing:  20
TW --- arrival:  0 closing:  23
TIME WINDOW VALIDATED:  1
--- ratio:  0.358422939068
local:  [<location.location instance at 0x105f496c8>, 0.35842293906810035, 0]
local_information:  {1: 0}
i: 0  j: 3  k:  2
validate_time_windows:
s index:  0
location to insert:  3
TW --- arrival:  0 closing:  23
TW --- arrival:  8.23333333333 closing:  14
TW --- arrival:  10.0166666667 closing:  18
TW --- arrival:  0 closing:  23
TIME WINDOW VALIDATED:  0
--- ratio:  0.477453580902
i: 2  j: 3  k:  4
validate_time_windows:
s index:  1
location to insert:  3
TW --- arrival:  0 closing:  23
TW --- arrival:  8.23333333333 closing:  18
TW --- arrival:  9.25 closing:  14
TW --- arrival:  0 closing:  23
TIME WINDOW VALIDATED:  1
--- ratio:  0.467532467532
local:  [<location.location instance at 0x105f497e8>, 0.4774535809018567, 0]
local_information:  {1: 0, 3: 0}
potential_inserts:
TOUR: 
Start:  8
End:  23
Locations:
-- location ID:  1
-- name:  Loc1
-- score:  5
-- opening:  11
-- closing:  20
-- arrival:  9.25
-- wait:  1.75
-- max_shift:  11.1833333333
-- shift:  13.95
-- ratio:  0.358422939068
-- leave:  12.0
 
-- location ID:  3
-- name:  Loc3
-- score:  3
-- opening:  9
-- closing:  14
-- arrival:  9.25
-- wait:  0
-- max_shift:  5.65
-- shift:  6.41666666667
-- ratio:  0.467532467532
-- leave:  10.25
 
</potential_inserts
||||
selection_point:  0.434799608993
|||| *** len_pot:  0
|||| *** location:  3  index:  0
||||
selection_point:  0.434799608993
selected one :  3
insert after :  0
***---***
***---***
i: 0  j: 1  k:  3
validate_time_windows:
s index:  0
location to insert:  1
TW --- arrival:  0 closing:  23
TW --- arrival:  8.23333333333 closing:  20
TW --- arrival:  12.0166666667 closing:  14
TW --- arrival:  13.1833333333 closing:  18
TW --- arrival:  0 closing:  23
TIME WINDOW VALIDATED:  0
--- ratio:  0.386597938144
i: 3  j: 1  k:  2
validate_time_windows:
s index:  1
location to insert:  1
TW --- arrival:  0 closing:  23
TW --- arrival:  8.23333333333 closing:  14
TW --- arrival:  10.0166666667 closing:  20
TW --- arrival:  12.1666666667 closing:  18
TW --- arrival:  0 closing:  23
TIME WINDOW VALIDATED:  1
--- ratio:  0.358422939068
i: 2  j: 1  k:  4
validate_time_windows:
s index:  2
location to insert:  1
TW --- arrival:  0 closing:  23
TW --- arrival:  8.23333333333 closing:  14
TW --- arrival:  10.0166666667 closing:  18
TW --- arrival:  11.1833333333 closing:  20
TW --- arrival:  0 closing:  23
TIME WINDOW VALIDATED:  2
--- ratio:  0.41095890411
local:  [<location.location instance at 0x105f496c8>, 0.4109589041095891, 2]
local_information:  {1: 2}
potential_inserts:
TOUR: 
Start:  8
End:  23
Locations:
-- location ID:  1
-- name:  Loc1
-- score:  5
-- opening:  11
-- closing:  20
-- arrival:  11.1833333333
-- wait:  0
-- max_shift:  11.1833333333
-- shift:  12.1666666667
-- ratio:  0.41095890411
-- leave:  12.1833333333
 
</potential_inserts
||||
selection_point:  0.41095890411
|||| *** len_pot:  0
|||| *** location:  1  index:  0
||||
selection_point:  0.41095890411
selected one :  1
insert after :  2
***---***
TOUR: 
Start:  8
End:  23
Locations:
-- location ID:  0
-- name:  start
-- score:  0
-- opening:  8
-- closing:  23
-- arrival:  0
-- wait:  0
-- max_shift:  0
-- shift:  0
-- ratio:  0
-- leave:  0
 
-- location ID:  3
-- name:  Loc3
-- score:  3
-- opening:  9
-- closing:  14
-- arrival:  8.23333333333
-- wait:  0.766666666667
-- max_shift:  5.65
-- shift:  6.41666666667
-- ratio:  0.467532467532
-- leave:  10.0
 
-- location ID:  2
-- name:  Loc2
-- score:  5
-- opening:  8
-- closing:  18
-- arrival:  10.0166666667
-- wait:  0
-- max_shift:  9.65
-- shift:  9.65
-- ratio:  0.518134715026
-- leave:  11.0166666667
 
-- location ID:  1
-- name:  Loc1
-- score:  5
-- opening:  11
-- closing:  20
-- arrival:  11.1833333333
-- wait:  0
-- max_shift:  11.1833333333
-- shift:  11.1833333333
-- ratio:  0.447093889717
-- leave:  12.1833333333
 
-- location ID:  4
-- name:  End
-- score:  0
-- opening:  8
-- closing:  23
-- arrival:  0
-- wait:  0
-- max_shift:  0
-- shift:  0
-- ratio:  0
-- leave:  0
 
