TOUR: 
Start:  8
End:  23
Locations:
-- location ID:  0
-- name:  start
-- score:  0
-- opening:  8
-- closing:  23
-- arrival:  0
-- wait:  0
-- max_shift:  0
-- shift:  0
-- ratio:  0
-- leave:  0
 
-- location ID:  1
-- name:  Loc1
-- score:  4
-- opening:  8
-- closing:  12
-- arrival:  0
-- wait:  0
-- max_shift:  0
-- shift:  0
-- ratio:  0
-- leave:  0
 
-- location ID:  2
-- name:  Loc2
-- score:  4
-- opening:  11
-- closing:  18
-- arrival:  0
-- wait:  0
-- max_shift:  0
-- shift:  0
-- ratio:  0
-- leave:  0
 
-- location ID:  3
-- name:  Loc3
-- score:  3
-- opening:  10
-- closing:  16
-- arrival:  0
-- wait:  0
-- max_shift:  0
-- shift:  0
-- ratio:  0
-- leave:  0
 
-- location ID:  4
-- name:  End
-- score:  0
-- opening:  8
-- closing:  23
-- arrival:  0
-- wait:  0
-- max_shift:  0
-- shift:  0
-- ratio:  0
-- leave:  0
 
times:
[0, 0.9, 0.6666666666666666, 0.3, 0.2]
[0.9, 0, 0.85, 0.5833333333333334, 0.43333333333333335]
[0.6666666666666666, 0.85, 0, 0.5166666666666667, 0.016666666666666666]
[0.3, 0.5833333333333334, 0.5166666666666667, 0, 0.4]
[0.2, 0.43333333333333335, 0.016666666666666666, 0.4, 0]
TOUR: 
Start:  8
End:  23
Locations:
-- location ID:  0
-- name:  start
-- score:  0
-- opening:  8
-- closing:  23
-- arrival:  0
-- wait:  0
-- max_shift:  0
-- shift:  0
-- ratio:  0
-- leave:  0
 
-- location ID:  1
-- name:  Loc1
-- score:  4
-- opening:  8
-- closing:  12
-- arrival:  8.9
-- wait:  0
-- max_shift:  2.25
-- shift:  2.25
-- ratio:  1.77777777778
-- leave:  11.15
 
-- location ID:  2
-- name:  Loc2
-- score:  4
-- opening:  11
-- closing:  18
-- arrival:  8.66666666667
-- wait:  2.33333333333
-- max_shift:  8.81666666667
-- shift:  11.15
-- ratio:  0.358744394619
-- leave:  17.4833333333
 
-- location ID:  3
-- name:  Loc3
-- score:  3
-- opening:  10
-- closing:  16
-- arrival:  8.3
-- wait:  1.7
-- max_shift:  7.3
-- shift:  9.0
-- ratio:  0.333333333333
-- leave:  15.6
 
-- location ID:  4
-- name:  End
-- score:  0
-- opening:  8
-- closing:  23
-- arrival:  0
-- wait:  0
-- max_shift:  0
-- shift:  0
-- ratio:  0
-- leave:  0
 
........
***---***
i: 0  j: 1  k:  4
validate_time_windows:
s index:  0
location to insert:  1
TW --- arrival:  0 closing:  23
TW --- arrival:  8.85 closing:  12
TW --- arrival:  0 closing:  23
TIME WINDOW VALIDATED:  0
--- ratio:  1.77777777778
local:  [<location.location instance at 0x100ad46c8>, 1.7777777777777781, 0]
local_information:  {1: 0}
i: 0  j: 2  k:  4
validate_time_windows:
s index:  0
location to insert:  2
TW --- arrival:  0 closing:  23
TW --- arrival:  8.85 closing:  18
TW --- arrival:  0 closing:  23
TIME WINDOW VALIDATED:  0
--- ratio:  0.358744394619
local:  [<location.location instance at 0x100ad47a0>, 0.35874439461883406, 0]
local_information:  {1: 0, 2: 0}
i: 0  j: 3  k:  4
validate_time_windows:
s index:  0
location to insert:  3
TW --- arrival:  0 closing:  23
TW --- arrival:  8.85 closing:  16
TW --- arrival:  0 closing:  23
TIME WINDOW VALIDATED:  0
--- ratio:  0.333333333333
local:  [<location.location instance at 0x100ad47e8>, 0.3333333333333334, 0]
local_information:  {1: 0, 2: 0, 3: 0}
potential_inserts:
TOUR: 
Start:  8
End:  23
Locations:
-- location ID:  1
-- name:  Loc1
-- score:  4
-- opening:  8
-- closing:  12
-- arrival:  8.85
-- wait:  0
-- max_shift:  2.25
-- shift:  2.25
-- ratio:  1.77777777778
-- leave:  9.85
 
-- location ID:  2
-- name:  Loc2
-- score:  4
-- opening:  11
-- closing:  18
-- arrival:  8.85
-- wait:  2.15
-- max_shift:  8.81666666667
-- shift:  11.15
-- ratio:  0.358744394619
-- leave:  12.0
 
-- location ID:  3
-- name:  Loc3
-- score:  3
-- opening:  10
-- closing:  16
-- arrival:  8.85
-- wait:  1.15
-- max_shift:  7.3
-- shift:  9.0
-- ratio:  0.333333333333
-- leave:  11.0
 
</potential_inserts
||||
selection_point:  1.34444444444
|||| *** len_pot:  0
|||| *** location:  1  index:  0
||||
selection_point:  1.34444444444
selected one :  1
insert after :  0
***---***
***---***
i: 0  j: 2  k:  1
validate_time_windows:
s index:  0
location to insert:  2
TW --- arrival:  0 closing:  23
TW --- arrival:  8.85 closing:  18
TW --- arrival:  12.5166666667 closing:  12
i: 1  j: 2  k:  4
validate_time_windows:
s index:  1
location to insert:  2
TW --- arrival:  0 closing:  23
TW --- arrival:  8.85 closing:  12
TW --- arrival:  10.3666666667 closing:  18
TW --- arrival:  0 closing:  23
TIME WINDOW VALIDATED:  1
--- ratio:  0.364741641337
local:  [<location.location instance at 0x100ad47a0>, 0.364741641337386, 1]
local_information:  {2: 1}
i: 0  j: 3  k:  1
validate_time_windows:
s index:  0
location to insert:  3
TW --- arrival:  0 closing:  23
TW --- arrival:  8.85 closing:  16
TW --- arrival:  11.5166666667 closing:  12
i: 1  j: 3  k:  4
validate_time_windows:
s index:  1
location to insert:  3
TW --- arrival:  0 closing:  23
TW --- arrival:  8.85 closing:  12
TW --- arrival:  10.3666666667 closing:  16
TW --- arrival:  0 closing:  23
TIME WINDOW VALIDATED:  1
--- ratio:  0.355029585799
local:  [<location.location instance at 0x100ad47e8>, 0.3550295857988166, 1]
local_information:  {2: 1, 3: 1}
potential_inserts:
TOUR: 
Start:  8
End:  23
Locations:
-- location ID:  2
-- name:  Loc2
-- score:  4
-- opening:  11
-- closing:  18
-- arrival:  10.3666666667
-- wait:  0.633333333333
-- max_shift:  8.81666666667
-- shift:  10.9666666667
-- ratio:  0.364741641337
-- leave:  12.0
 
-- location ID:  3
-- name:  Loc3
-- score:  3
-- opening:  10
-- closing:  16
-- arrival:  10.3666666667
-- wait:  0
-- max_shift:  7.3
-- shift:  8.45
-- ratio:  0.355029585799
-- leave:  11.3666666667
 
</potential_inserts
||||
selection_point:  0.361828024676
|||| *** len_pot:  0
|||| *** location:  2  index:  0
||||
selection_point:  0.361828024676
selected one :  2
insert after :  1
***---***
***---***
i: 0  j: 3  k:  1
validate_time_windows:
s index:  0
location to insert:  3
TW --- arrival:  0 closing:  23
TW --- arrival:  8.85 closing:  16
TW --- arrival:  11.5166666667 closing:  12
i: 1  j: 3  k:  2
validate_time_windows:
s index:  1
location to insert:  3
TW --- arrival:  0 closing:  23
TW --- arrival:  8.85 closing:  12
TW --- arrival:  10.3666666667 closing:  16
TW --- arrival:  11.7666666667 closing:  18
TW --- arrival:  0 closing:  23
TIME WINDOW VALIDATED:  1
--- ratio:  0.355029585799
i: 2  j: 3  k:  4
validate_time_windows:
s index:  2
location to insert:  3
TW --- arrival:  0 closing:  23
TW --- arrival:  8.85 closing:  12
TW --- arrival:  10.3666666667 closing:  18
TW --- arrival:  12.4 closing:  16
TW --- arrival:  0 closing:  23
TIME WINDOW VALIDATED:  2
--- ratio:  0.41095890411
local:  [<location.location instance at 0x100ad47e8>, 0.4109589041095891, 2]
local_information:  {3: 2}
potential_inserts:
TOUR: 
Start:  8
End:  23
Locations:
-- location ID:  3
-- name:  Loc3
-- score:  3
-- opening:  10
-- closing:  16
-- arrival:  12.4
-- wait:  0
-- max_shift:  7.3
-- shift:  7.3
-- ratio:  0.41095890411
-- leave:  13.4
 
</potential_inserts
||||
selection_point:  0.41095890411
|||| *** len_pot:  0
|||| *** location:  3  index:  0
||||
selection_point:  0.41095890411
selected one :  3
insert after :  2
***---***
TOUR: 
Start:  8
End:  23
Locations:
-- location ID:  0
-- name:  start
-- score:  0
-- opening:  8
-- closing:  23
-- arrival:  0
-- wait:  0
-- max_shift:  0
-- shift:  0
-- ratio:  0
-- leave:  0
 
-- location ID:  1
-- name:  Loc1
-- score:  4
-- opening:  8
-- closing:  12
-- arrival:  8.85
-- wait:  0
-- max_shift:  2.25
-- shift:  2.25
-- ratio:  1.77777777778
-- leave:  9.85
 
-- location ID:  2
-- name:  Loc2
-- score:  4
-- opening:  11
-- closing:  18
-- arrival:  10.3666666667
-- wait:  0.633333333333
-- max_shift:  8.81666666667
-- shift:  9.45
-- ratio:  0.42328042328
-- leave:  12.0
 
-- location ID:  3
-- name:  Loc3
-- score:  3
-- opening:  10
-- closing:  16
-- arrival:  12.4
-- wait:  0
-- max_shift:  7.3
-- shift:  7.3
-- ratio:  0.41095890411
-- leave:  13.4
 
-- location ID:  4
-- name:  End
-- score:  0
-- opening:  8
-- closing:  23
-- arrival:  0
-- wait:  0
-- max_shift:  0
-- shift:  0
-- ratio:  0
-- leave:  0
 
