TOUR: 
Start:  8
End:  23
Locations:
-- location ID:  0
-- name:  start
-- score:  0
-- opening:  8
-- closing:  23
-- arrival:  0
-- wait:  0
-- max_shift:  0
-- shift:  0
-- ratio:  0
-- leave:  0
 
-- location ID:  1
-- name:  Loc1
-- score:  4
-- opening:  11
-- closing:  12
-- arrival:  0
-- wait:  0
-- max_shift:  0
-- shift:  0
-- ratio:  0
-- leave:  0
 
-- location ID:  2
-- name:  Loc2
-- score:  3
-- opening:  10
-- closing:  21
-- arrival:  0
-- wait:  0
-- max_shift:  0
-- shift:  0
-- ratio:  0
-- leave:  0
 
-- location ID:  3
-- name:  Loc3
-- score:  5
-- opening:  9
-- closing:  14
-- arrival:  0
-- wait:  0
-- max_shift:  0
-- shift:  0
-- ratio:  0
-- leave:  0
 
-- location ID:  4
-- name:  End
-- score:  0
-- opening:  8
-- closing:  23
-- arrival:  0
-- wait:  0
-- max_shift:  0
-- shift:  0
-- ratio:  0
-- leave:  0
 
times:
[0, 0.3333333333333333, 0.43333333333333335, 0.6666666666666666, 0.48333333333333334]
[0.3333333333333333, 0, 0.75, 0.23333333333333334, 0.8166666666666667]
[0.43333333333333335, 0.75, 0, 0.18333333333333332, 0.3]
[0.6666666666666666, 0.23333333333333334, 0.18333333333333332, 0, 0.2833333333333333]
[0.48333333333333334, 0.8166666666666667, 0.3, 0.2833333333333333, 0]
TOUR: 
Start:  8
End:  23
Locations:
-- location ID:  0
-- name:  start
-- score:  0
-- opening:  8
-- closing:  23
-- arrival:  0
-- wait:  0
-- max_shift:  0
-- shift:  0
-- ratio:  0
-- leave:  0
 
-- location ID:  1
-- name:  Loc1
-- score:  4
-- opening:  11
-- closing:  12
-- arrival:  8.33333333333
-- wait:  2.66666666667
-- max_shift:  2.91666666667
-- shift:  5.58333333333
-- ratio:  0.716417910448
-- leave:  11.25
 
-- location ID:  2
-- name:  Loc2
-- score:  3
-- opening:  10
-- closing:  21
-- arrival:  8.43333333333
-- wait:  1.56666666667
-- max_shift:  12.3833333333
-- shift:  13.95
-- ratio:  0.215053763441
-- leave:  20.8166666667
 
-- location ID:  3
-- name:  Loc3
-- score:  5
-- opening:  9
-- closing:  14
-- arrival:  8.66666666667
-- wait:  0.333333333333
-- max_shift:  5.05
-- shift:  5.38333333333
-- ratio:  0.928792569659
-- leave:  13.7166666667
 
-- location ID:  4
-- name:  End
-- score:  0
-- opening:  8
-- closing:  23
-- arrival:  0
-- wait:  0
-- max_shift:  0
-- shift:  0
-- ratio:  0
-- leave:  0
 
........
***---***
i: 0  j: 1  k:  4
validate_time_windows:
s index:  0
location to insert:  1
TW --- arrival:  0 closing:  23
TW --- arrival:  8.75 closing:  12
TW --- arrival:  0 closing:  23
TIME WINDOW VALIDATED:  0
--- ratio:  0.716417910448
local:  [<location.location instance at 0x109d936c8>, 0.7164179104477614, 0]
local_information:  {1: 0}
i: 0  j: 2  k:  4
validate_time_windows:
s index:  0
location to insert:  2
TW --- arrival:  0 closing:  23
TW --- arrival:  8.75 closing:  21
TW --- arrival:  0 closing:  23
TIME WINDOW VALIDATED:  0
--- ratio:  0.215053763441
local:  [<location.location instance at 0x109d937a0>, 0.21505376344086022, 0]
local_information:  {1: 0, 2: 0}
i: 0  j: 3  k:  4
validate_time_windows:
s index:  0
location to insert:  3
TW --- arrival:  0 closing:  23
TW --- arrival:  8.75 closing:  14
TW --- arrival:  0 closing:  23
TIME WINDOW VALIDATED:  0
--- ratio:  0.928792569659
local:  [<location.location instance at 0x109d937e8>, 0.9287925696594425, 0]
local_information:  {1: 0, 2: 0, 3: 0}
potential_inserts:
TOUR: 
Start:  8
End:  23
Locations:
-- location ID:  1
-- name:  Loc1
-- score:  4
-- opening:  11
-- closing:  12
-- arrival:  8.75
-- wait:  2.25
-- max_shift:  2.91666666667
-- shift:  5.58333333333
-- ratio:  0.716417910448
-- leave:  12.0
 
-- location ID:  2
-- name:  Loc2
-- score:  3
-- opening:  10
-- closing:  21
-- arrival:  8.75
-- wait:  1.25
-- max_shift:  12.3833333333
-- shift:  13.95
-- ratio:  0.215053763441
-- leave:  11.0
 
-- location ID:  3
-- name:  Loc3
-- score:  5
-- opening:  9
-- closing:  14
-- arrival:  8.75
-- wait:  0.25
-- max_shift:  5.05
-- shift:  5.38333333333
-- ratio:  0.928792569659
-- leave:  10.0
 
</potential_inserts
||||
selection_point:  0.714670927794
|||| *** len_pot:  1
|||| *** location:  1  index:  0
||||
selection_point:  0.714670927794
selected one :  1
insert after :  0
***---***
***---***
i: 0  j: 2  k:  1
validate_time_windows:
s index:  0
location to insert:  2
TW --- arrival:  0 closing:  23
TW --- arrival:  8.75 closing:  21
TW --- arrival:  11.1833333333 closing:  12
i: 1  j: 2  k:  4
validate_time_windows:
s index:  1
location to insert:  2
TW --- arrival:  0 closing:  23
TW --- arrival:  8.75 closing:  12
TW --- arrival:  12.1833333333 closing:  21
TW --- arrival:  0 closing:  23
TIME WINDOW VALIDATED:  1
--- ratio:  0.220048899756
local:  [<location.location instance at 0x109d937a0>, 0.22004889975550124, 1]
local_information:  {2: 1}
i: 0  j: 3  k:  1
validate_time_windows:
s index:  0
location to insert:  3
TW --- arrival:  0 closing:  23
TW --- arrival:  8.75 closing:  14
TW --- arrival:  10.1833333333 closing:  12
TW --- arrival:  0 closing:  23
TIME WINDOW VALIDATED:  0
--- ratio:  0.943396226415
i: 1  j: 3  k:  4
validate_time_windows:
s index:  1
location to insert:  3
TW --- arrival:  0 closing:  23
TW --- arrival:  8.75 closing:  12
TW --- arrival:  12.1833333333 closing:  14
TW --- arrival:  0 closing:  23
TIME WINDOW VALIDATED:  1
--- ratio:  1.0
local:  [<location.location instance at 0x109d937e8>, 0.9999999999999998, 1]
local_information:  {2: 1, 3: 1}
potential_inserts:
TOUR: 
Start:  8
End:  23
Locations:
-- location ID:  2
-- name:  Loc2
-- score:  3
-- opening:  10
-- closing:  21
-- arrival:  12.1833333333
-- wait:  0
-- max_shift:  12.3833333333
-- shift:  13.6333333333
-- ratio:  0.220048899756
-- leave:  13.1833333333
 
-- location ID:  3
-- name:  Loc3
-- score:  5
-- opening:  9
-- closing:  14
-- arrival:  12.1833333333
-- wait:  0
-- max_shift:  5.05
-- shift:  5.3
-- ratio:  0.943396226415
-- leave:  13.1833333333
 
</potential_inserts
||||
selection_point:  0.726392028417
|||| *** len_pot:  0
|||| *** location:  3  index:  0
||||
selection_point:  0.726392028417
selected one :  3
insert after :  1
***---***
***---***
i: 0  j: 2  k:  1
validate_time_windows:
s index:  0
location to insert:  2
TW --- arrival:  0 closing:  23
TW --- arrival:  8.75 closing:  21
TW --- arrival:  11.1833333333 closing:  12
i: 1  j: 2  k:  3
validate_time_windows:
s index:  1
location to insert:  2
TW --- arrival:  0 closing:  23
TW --- arrival:  8.75 closing:  12
TW --- arrival:  12.1833333333 closing:  21
TW --- arrival:  13.4666666667 closing:  14
i: 3  j: 2  k:  4
validate_time_windows:
s index:  2
location to insert:  2
TW --- arrival:  0 closing:  23
TW --- arrival:  8.75 closing:  12
TW --- arrival:  12.1833333333 closing:  14
TW --- arrival:  13.4666666667 closing:  21
TW --- arrival:  0 closing:  23
TIME WINDOW VALIDATED:  2
--- ratio:  0.242261103634
local:  [<location.location instance at 0x109d937a0>, 0.24226110363391656, 2]
local_information:  {2: 2}
potential_inserts:
TOUR: 
Start:  8
End:  23
Locations:
-- location ID:  2
-- name:  Loc2
-- score:  3
-- opening:  10
-- closing:  21
-- arrival:  13.4666666667
-- wait:  0
-- max_shift:  12.3833333333
-- shift:  12.3833333333
-- ratio:  0.242261103634
-- leave:  14.4666666667
 
</potential_inserts
||||
selection_point:  0.242261103634
|||| *** len_pot:  0
|||| *** location:  2  index:  0
||||
selection_point:  0.242261103634
selected one :  2
insert after :  2
***---***
TOUR: 
Start:  8
End:  23
Locations:
-- location ID:  0
-- name:  start
-- score:  0
-- opening:  8
-- closing:  23
-- arrival:  0
-- wait:  0
-- max_shift:  0
-- shift:  0
-- ratio:  0
-- leave:  0
 
-- location ID:  1
-- name:  Loc1
-- score:  4
-- opening:  11
-- closing:  12
-- arrival:  8.75
-- wait:  2.25
-- max_shift:  2.91666666667
-- shift:  5.16666666667
-- ratio:  0.774193548387
-- leave:  12.0
 
-- location ID:  3
-- name:  Loc3
-- score:  5
-- opening:  9
-- closing:  14
-- arrival:  12.1833333333
-- wait:  0
-- max_shift:  5.05
-- shift:  5.05
-- ratio:  0.990099009901
-- leave:  13.1833333333
 
-- location ID:  2
-- name:  Loc2
-- score:  3
-- opening:  10
-- closing:  21
-- arrival:  13.4666666667
-- wait:  0
-- max_shift:  12.3833333333
-- shift:  12.3833333333
-- ratio:  0.242261103634
-- leave:  14.4666666667
 
-- location ID:  4
-- name:  End
-- score:  0
-- opening:  8
-- closing:  23
-- arrival:  0
-- wait:  0
-- max_shift:  0
-- shift:  0
-- ratio:  0
-- leave:  0
 
